/Users/nexuist/Documents/Developer/Python/webzzuf/fuzz.sh: line 12: unexpected EOF while looking for matching `''
/Users/nexuist/Documents/Developer/Python/webzzuf/fuzz.sh: line 14: syntax error: unexpected end of file
/Users/nexuist/Documents/Developer/Python/webzzuf/fuzz.sh: line 12: unexpected EOF while looking for matching `''
/Users/nexuist/Documents/Developer/Python/webzzuf/fuzz.sh: line 14: syntax error: unexpected end of file
/Users/nexuist/Documents/Developer/Python/webzzuf/fuzz.sh: line 12: unexpected EOF while looking for matching `''
/Users/nexuist/Documents/Developer/Python/webzzuf/fuzz.sh: line 14: syntax error: unexpected end of file
/Users/nexuist/Documents/Developer/Python/webzzuf/fuzz.sh: line 12: unexpected EOF while looking for matching `''
/Users/nexuist/Documents/Developer/Python/webzzuf/fuzz.sh: line 14: syntax error: unexpected end of file
